Archive member included to satisfy reference by file (symbol)

c:/program files (x86)/atmel/studio/7.0/toolchain/avr8/avr8-gnu-toolchain/bin/../lib/gcc/avr/5.4.0/../../../../avr/lib/avr5\libm.a(addsf3.o)
                              main.o (__subsf3)
c:/program files (x86)/atmel/studio/7.0/toolchain/avr8/avr8-gnu-toolchain/bin/../lib/gcc/avr/5.4.0/../../../../avr/lib/avr5\libm.a(addsf3x.o)
                              c:/program files (x86)/atmel/studio/7.0/toolchain/avr8/avr8-gnu-toolchain/bin/../lib/gcc/avr/5.4.0/../../../../avr/lib/avr5\libm.a(addsf3.o) (__addsf3x)
c:/program files (x86)/atmel/studio/7.0/toolchain/avr8/avr8-gnu-toolchain/bin/../lib/gcc/avr/5.4.0/../../../../avr/lib/avr5\libm.a(atan2.o)
                              main.o (atan2)
c:/program files (x86)/atmel/studio/7.0/toolchain/avr8/avr8-gnu-toolchain/bin/../lib/gcc/avr/5.4.0/../../../../avr/lib/avr5\libm.a(atan.o)
                              c:/program files (x86)/atmel/studio/7.0/toolchain/avr8/avr8-gnu-toolchain/bin/../lib/gcc/avr/5.4.0/../../../../avr/lib/avr5\libm.a(atan2.o) (atan)
c:/program files (x86)/atmel/studio/7.0/toolchain/avr8/avr8-gnu-toolchain/bin/../lib/gcc/avr/5.4.0/../../../../avr/lib/avr5\libm.a(cmpsf2.o)
                              main.o (__ltsf2)
c:/program files (x86)/atmel/studio/7.0/toolchain/avr8/avr8-gnu-toolchain/bin/../lib/gcc/avr/5.4.0/../../../../avr/lib/avr5\libm.a(cos.o)
                              main.o (cos)
c:/program files (x86)/atmel/studio/7.0/toolchain/avr8/avr8-gnu-toolchain/bin/../lib/gcc/avr/5.4.0/../../../../avr/lib/avr5\libm.a(divsf3.o)
                              main.o (__divsf3)
c:/program files (x86)/atmel/studio/7.0/toolchain/avr8/avr8-gnu-toolchain/bin/../lib/gcc/avr/5.4.0/../../../../avr/lib/avr5\libm.a(divsf3x.o)
                              c:/program files (x86)/atmel/studio/7.0/toolchain/avr8/avr8-gnu-toolchain/bin/../lib/gcc/avr/5.4.0/../../../../avr/lib/avr5\libm.a(divsf3.o) (__divsf3x)
c:/program files (x86)/atmel/studio/7.0/toolchain/avr8/avr8-gnu-toolchain/bin/../lib/gcc/avr/5.4.0/../../../../avr/lib/avr5\libm.a(fixunssfsi.o)
                              main.o (__fixunssfsi)
c:/program files (x86)/atmel/studio/7.0/toolchain/avr8/avr8-gnu-toolchain/bin/../lib/gcc/avr/5.4.0/../../../../avr/lib/avr5\libm.a(floatsisf.o)
                              main.o (__floatunsisf)
c:/program files (x86)/atmel/studio/7.0/toolchain/avr8/avr8-gnu-toolchain/bin/../lib/gcc/avr/5.4.0/../../../../avr/lib/avr5\libm.a(fp_cmp.o)
                              c:/program files (x86)/atmel/studio/7.0/toolchain/avr8/avr8-gnu-toolchain/bin/../lib/gcc/avr/5.4.0/../../../../avr/lib/avr5\libm.a(cmpsf2.o) (__fp_cmp)
c:/program files (x86)/atmel/studio/7.0/toolchain/avr8/avr8-gnu-toolchain/bin/../lib/gcc/avr/5.4.0/../../../../avr/lib/avr5\libm.a(fp_inf.o)
                              c:/program files (x86)/atmel/studio/7.0/toolchain/avr8/avr8-gnu-toolchain/bin/../lib/gcc/avr/5.4.0/../../../../avr/lib/avr5\libm.a(addsf3x.o) (__fp_inf)
c:/program files (x86)/atmel/studio/7.0/toolchain/avr8/avr8-gnu-toolchain/bin/../lib/gcc/avr/5.4.0/../../../../avr/lib/avr5\libm.a(fp_nan.o)
                              c:/program files (x86)/atmel/studio/7.0/toolchain/avr8/avr8-gnu-toolchain/bin/../lib/gcc/avr/5.4.0/../../../../avr/lib/avr5\libm.a(addsf3x.o) (__fp_nan)
c:/program files (x86)/atmel/studio/7.0/toolchain/avr8/avr8-gnu-toolchain/bin/../lib/gcc/avr/5.4.0/../../../../avr/lib/avr5\libm.a(fp_powser.o)
                              c:/program files (x86)/atmel/studio/7.0/toolchain/avr8/avr8-gnu-toolchain/bin/../lib/gcc/avr/5.4.0/../../../../avr/lib/avr5\libm.a(atan.o) (__fp_powser)
c:/program files (x86)/atmel/studio/7.0/toolchain/avr8/avr8-gnu-toolchain/bin/../lib/gcc/avr/5.4.0/../../../../avr/lib/avr5\libm.a(fp_pscA.o)
                              c:/program files (x86)/atmel/studio/7.0/toolchain/avr8/avr8-gnu-toolchain/bin/../lib/gcc/avr/5.4.0/../../../../avr/lib/avr5\libm.a(addsf3x.o) (__fp_pscA)
c:/program files (x86)/atmel/studio/7.0/toolchain/avr8/avr8-gnu-toolchain/bin/../lib/gcc/avr/5.4.0/../../../../avr/lib/avr5\libm.a(fp_pscB.o)
                              c:/program files (x86)/atmel/studio/7.0/toolchain/avr8/avr8-gnu-toolchain/bin/../lib/gcc/avr/5.4.0/../../../../avr/lib/avr5\libm.a(addsf3x.o) (__fp_pscB)
c:/program files (x86)/atmel/studio/7.0/toolchain/avr8/avr8-gnu-toolchain/bin/../lib/gcc/avr/5.4.0/../../../../avr/lib/avr5\libm.a(fp_rempio2.o)
                              c:/program files (x86)/atmel/studio/7.0/toolchain/avr8/avr8-gnu-toolchain/bin/../lib/gcc/avr/5.4.0/../../../../avr/lib/avr5\libm.a(cos.o) (__fp_rempio2)
c:/program files (x86)/atmel/studio/7.0/toolchain/avr8/avr8-gnu-toolchain/bin/../lib/gcc/avr/5.4.0/../../../../avr/lib/avr5\libm.a(fp_round.o)
                              c:/program files (x86)/atmel/studio/7.0/toolchain/avr8/avr8-gnu-toolchain/bin/../lib/gcc/avr/5.4.0/../../../../avr/lib/avr5\libm.a(addsf3.o) (__fp_round)
[...]
Memory Configuration

Name             Origin             Length             Attributes
text             0x00000000         0x00020000         xr
data             0x00800060         0x0000ffa0         rw !x
eeprom           0x00810000         0x00010000         rw !x
fuse             0x00820000         0x00000003         rw !x
lock             0x00830000         0x00000400         rw !x
signature        0x00840000         0x00000400         rw !x
user_signatures  0x00850000         0x00000400         rw !x
*default*        0x00000000         0xffffffff

Linker script and memory map

Address of section .data set to 0x800100
LOAD C:/Program Files (x86)/Atmel/Studio/7.0/Packs/atmel/ATmega_DFP/1.2.209/gcc/dev/atmega324pa/avr5/crtatmega324pa.o
LOAD main.o
LOAD twim.o
START GROUP
LOAD c:/program files (x86)/atmel/studio/7.0/toolchain/avr8/avr8-gnu-toolchain/bin/../lib/gcc/avr/5.4.0/../../../../avr/lib/avr5\libm.a
END GROUP
START GROUP
LOAD c:/program files (x86)/atmel/studio/7.0/toolchain/avr8/avr8-gnu-toolchain/bin/../lib/gcc/avr/5.4.0/avr5\libgcc.a
LOAD c:/program files (x86)/atmel/studio/7.0/toolchain/avr8/avr8-gnu-toolchain/bin/../lib/gcc/avr/5.4.0/../../../../avr/lib/avr5\libm.a
LOAD c:/program files (x86)/atmel/studio/7.0/toolchain/avr8/avr8-gnu-toolchain/bin/../lib/gcc/avr/5.4.0/../../../../avr/lib/avr5\libc.a
LOAD C:/Program Files (x86)/Atmel/Studio/7.0/Packs/atmel/ATmega_DFP/1.2.209/gcc/dev/atmega324pa/avr5\libatmega324pa.a
END GROUP
                0x00020000                __TEXT_REGION_LENGTH__ = DEFINED (__TEXT_REGION_LENGTH__)?__TEXT_REGION_LENGTH__:0x20000
                0x0000ffa0                __DATA_REGION_LENGTH__ = DEFINED (__DATA_REGION_LENGTH__)?__DATA_REGION_LENGTH__:0xffa0
                0x00010000                __EEPROM_REGION_LENGTH__ = DEFINED (__EEPROM_REGION_LENGTH__)?__EEPROM_REGION_LENGTH__:0x10000
                [0x00000003]                __FUSE_REGION_LENGTH__ = DEFINED (__FUSE_REGION_LENGTH__)?__FUSE_REGION_LENGTH__:0x400
                0x00000400                __LOCK_REGION_LENGTH__ = DEFINED (__LOCK_REGION_LENGTH__)?__LOCK_REGION_LENGTH__:0x400
                0x00000400                __SIGNATURE_REGION_LENGTH__ = DEFINED (__SIGNATURE_REGION_LENGTH__)?__SIGNATURE_REGION_LENGTH__:0x400
                0x00000400                __USER_SIGNATURE_REGION_LENGTH__ = DEFINED (__USER_SIGNATURE_REGION_LENGTH__)?__USER_SIGNATURE_REGION_LENGTH__:0x400

.hash
 *(.hash)

.dynsym
 *(.dynsym)

.dynstr
 *(.dynstr)

.gnu.version
 *(.gnu.version)

.gnu.version_d
 *(.gnu.version_d)

.gnu.version_r
 *(.gnu.version_r)

.rel.init
 *(.rel.init)

.rela.init
 *(.rela.init)

.rel.text
 *(.rel.text)
 *(.rel.text.*)
 *(.rel.gnu.linkonce.t*)

.rela.text
 *(.rela.text)
 *(.rela.text.*)
 *(.rela.gnu.linkonce.t*)

.rel.fini
 *(.rel.fini)

.rela.fini
 *(.rela.fini)

.rel.rodata
 *(.rel.rodata)
 *(.rel.rodata.*)
 *(.rel.gnu.linkonce.r*)

.rela.rodata
 *(.rela.rodata)
 *(.rela.rodata.*)
 *(.rela.gnu.linkonce.r*)

.rel.data
 *(.rel.data)
 *(.rel.data.*)
 *(.rel.gnu.linkonce.d*)

.rela.data
 *(.rela.data)
 *(.rela.data.*)
 *(.rela.gnu.linkonce.d*)

.rel.ctors
 *(.rel.ctors)

.rela.ctors
 *(.rela.ctors)

.rel.dtors
 *(.rel.dtors)

.rela.dtors
 *(.rela.dtors)

.rel.got
 *(.rel.got)

.rela.got
 *(.rela.got)

.rel.bss
 *(.rel.bss)

.rela.bss
 *(.rela.bss)

.rel.plt
 *(.rel.plt)

.rela.plt
 *(.rela.plt)

.text           0x00000000     0x29fa
 *(.vectors)
 .vectors       0x00000000       0x7c C:/Program Files (x86)/Atmel/Studio/7.0/Packs/atmel/ATmega_DFP/1.2.209/gcc/dev/atmega324pa/avr5/crtatmega324pa.o
                0x00000000                __vector_default
                0x00000000                __vectors
 *(.vectors)
 *(.progmem.gcc*)
 .progmem.gcc_sw_table.setseg
                0x0000007c       0x16 main.o
 .progmem.gcc_sw_table.TWI_Process
                0x00000092       0xa2 twim.o
 .progmem.gcc_fplib
                0x00000134       0x28 c:/program files (x86)/atmel/studio/7.0/toolchain/avr8/avr8-gnu-toolchain/bin/../lib/gcc/avr/5.4.0/../../../../avr/lib/avr5\libm.a(exp.o)
 .progmem.gcc_fplib
                0x0000015c       0x5a c:/program files (x86)/atmel/studio/7.0/toolchain/avr8/avr8-gnu-toolchain/bin/../lib/gcc/avr/5.4.0/../../../../avr/lib/avr5\libm.a(log.o)
                0x000001b6                . = ALIGN (0x2)
                0x000001b6                __trampolines_start = .
 *(.trampolines)
 .trampolines   0x000001b6        0x0 linker stubs
 *(.trampolines*)
                0x000001b6                __trampolines_end = .
 *libprintf_flt.a:*(.progmem.data)
 *libc.a:*(.progmem.data)
 .progmem.data  0x000001b6        0xc c:/program files (x86)/atmel/studio/7.0/toolchain/avr8/avr8-gnu-toolchain/bin/../lib/gcc/avr/5.4.0/../../../../avr/lib/avr5\libc.a(vfscanf_std.o)
 *(.progmem*)
                0x000001c2                . = ALIGN (0x2)
 *(.jumptables)
 *(.jumptables*)
 *(.lowtext)
 *(.lowtext*)
                0x000001c2                __ctors_start = .
 *(.ctors)
                0x000001c2                __ctors_end = .
                0x000001c2                __dtors_start = .
 *(.dtors)
                0x000001c2                __dtors_end = .
 SORT(*)(.ctors)
 SORT(*)(.dtors)
 *(.init0)
 .init0         0x000001c2        0x0 C:/Program Files (x86)/Atmel/Studio/7.0/Packs/atmel/ATmega_DFP/1.2.209/gcc/dev/atmega324pa/avr5/crtatmega324pa.o
                0x000001c2                __init
 *(.init0)
 *(.init1)
 *(.init1)
 *(.init2)
 .init2         0x000001c2        0xc C:/Program Files (x86)/Atmel/Studio/7.0/Packs/atmel/ATmega_DFP/1.2.209/gcc/dev/atmega324pa/avr5/crtatmega324pa.o
 *(.init2)
 *(.init3)
 *(.init3)
 *(.init4)
 .init4         0x000001ce       0x16 c:/program files (x86)/atmel/studio/7.0/toolchain/avr8/avr8-gnu-toolchain/bin/../lib/gcc/avr/5.4.0/avr5\libgcc.a(_copy_data.o)
                0x000001ce                __do_copy_data
 .init4         0x000001e4       0x10 c:/program files (x86)/atmel/studio/7.0/toolchain/avr8/avr8-gnu-toolchain/bin/../lib/gcc/avr/5.4.0/avr5\libgcc.a(_clear_bss.o)
                0x000001e4                __do_clear_bss
 *(.init4)
 *(.init5)
 *(.init5)
 *(.init6)
 *(.init6)
 *(.init7)
 *(.init7)
 *(.init8)
 *(.init8)
 *(.init9)
 .init9         0x000001f4        0x8 C:/Program Files (x86)/Atmel/Studio/7.0/Packs/atmel/ATmega_DFP/1.2.209/gcc/dev/atmega324pa/avr5/crtatmega324pa.o
 *(.init9)
 *(.text)
 .text          0x000001fc        0x4 C:/Program Files (x86)/Atmel/Studio/7.0/Packs/atmel/ATmega_DFP/1.2.209/gcc/dev/atmega324pa/avr5/crtatmega324pa.o
                0x000001fc                __vector_22
                0x000001fc                __vector_28
                0x000001fc                __vector_1
                0x000001fc                __vector_24
                0x000001fc                __vector_12
                0x000001fc                __bad_interrupt
                0x000001fc                __vector_6
                0x000001fc                __vector_3
                0x000001fc                __vector_23
                0x000001fc                __vector_30
                0x000001fc                __vector_25
                0x000001fc                __vector_13
                0x000001fc                __vector_17
                0x000001fc                __vector_19
                0x000001fc                __vector_7
                0x000001fc                __vector_27
                0x000001fc                __vector_5
                0x000001fc                __vector_4
                0x000001fc                __vector_9
                0x000001fc                __vector_2
                0x000001fc                __vector_21
                0x000001fc                __vector_29
                0x000001fc                __vector_8
                0x000001fc                __vector_14
                0x000001fc                __vector_10
                0x000001fc                __vector_16
                0x00000200                . = ALIGN (0x2)
 *(.text.*)
 .text.LoadEeprom
                0x00000200       0xa2 main.o
                0x00000200                LoadEeprom
 .text.WriteEeprom
                0x000002a2       0x3a main.o
                0x000002a2                WriteEeprom
 .text.setled   0x000002dc       0x58 main.o
                0x000002dc                setled
 .text.setseg   0x00000334       0x70 main.o
                0x00000334                setseg
 .text.selectseg
                0x000003a4       0x2c main.o
                0x000003a4                selectseg
 .text.Parser   0x000003d0      0x1fc main.o
                0x000003d0                Parser
 .text.__vector_18
                0x000005cc       0x5e main.o
                0x000005cc                __vector_18
 .text.__vector_15
                0x0000062a       0xf6 main.o
                0x0000062a                __vector_15
 .text.__vector_11
                0x00000720       0xa2 main.o
                0x00000720                __vector_11
 .text.__vector_20
                0x000007c2       0x58 main.o
                0x000007c2                __vector_20
 .text.__vector_26
                0x0000081a       0x48 main.o
                0x0000081a                __vector_26
 .text.init_UART
                0x00000862       0x20 main.o
                0x00000862                init_UART
 .text.TimeToInt
                0x00000882       0xba main.o
                0x00000882                TimeToInt
 .text.print_gpsstatuspoint
                0x0000093c       0x20 main.o
                0x0000093c                print_gpsstatuspoint
 .text.select_U
                0x0000095c        0xe main.o
                0x0000095c                select_U
 .text.select_F
                0x0000096a        0xe main.o
                0x0000096a                select_F
 .text.select_E
                0x00000978        0xe main.o
                0x00000978                select_E
 .text.select_d
                0x00000986        0xe main.o
                0x00000986                select_d
 .text.select_c
                0x00000994        0xe main.o
                0x00000994                select_c
 .text.select_r
                0x000009a2        0xe main.o
                0x000009a2                select_r
 .text.select_minus
                0x000009b0        0xa main.o
                0x000009b0                select_minus
 .text.print_UTC
                0x000009ba       0xf4 main.o
                0x000009ba                print_UTC
 .text.print_decimal
                0x00000aae      0x1f8 main.o
                0x00000aae                print_decimal
 .text.print_nodata
                0x00000ca6       0x4c main.o
                0x00000ca6                print_nodata
 .text.print_Fr10
                0x00000cf2       0x5e main.o
                0x00000cf2                print_Fr10
 .text.print_dc
                0x00000d50       0x2e main.o
                0x00000d50                print_dc
 .text.print_error
                0x00000d7e       0x44 main.o
                0x00000d7e                print_error
 .text.HexToInt
                0x00000dc2       0x2a main.o
                0x00000dc2                HexToInt
 .text.IntToHex
                0x00000dec       0x18 main.o
                0x00000dec                IntToHex
 .text.CalculateABSPulse
                0x00000e04       0xd2 main.o
                0x00000e04                CalculateABSPulse
 .text.AddDigitPulse
                0x00000ed6       0xc0 main.o
                0x00000ed6                AddDigitPulse
 .text.CheckRangePulse
                0x00000f96       0x5c main.o
                0x00000f96                CheckRangePulse
 .text.main     0x00000ff2      0x7fe main.o
                0x00000ff2                main
 .text.TWI_MasterInit
                0x000017f0       0x9c twim.o
                0x000017f0                TWI_MasterInit
 .text.TWI_SendData
                0x0000188c       0x46 twim.o
                0x0000188c                TWI_SendData
 .text.TWI_GetData
                0x000018d2       0x34 twim.o
                0x000018d2                TWI_GetData
 .text.TWI_Process
                0x00001906       0xc8 twim.o
                0x00001906                TWI_Process
 .text.avr-libc.fplib
                0x000019ce        0xe c:/program files (x86)/atmel/studio/7.0/toolchain/avr8/avr8-gnu-toolchain/bin/../lib/gcc/avr/5.4.0/../../../../avr/lib/avr5\libm.a(addsf3.o)
                0x000019ce                __subsf3
                0x000019d0                __addsf3
 .text.avr-libc.fplib
                0x000019dc       0xcc c:/program files (x86)/atmel/studio/7.0/toolchain/avr8/avr8-gnu-toolchain/bin/../lib/gcc/avr/5.4.0/../../../../avr/lib/avr5\libm.a(addsf3x.o)
                0x000019fe                __addsf3x
 .text.avr-libc.fplib
                0x00001aa8        0xa c:/program files (x86)/atmel/studio/7.0/toolchain/avr8/avr8-gnu-toolchain/bin/../lib/gcc/avr/5.4.0/../../../../avr/lib/avr5\libm.a(cmpsf2.o)
                0x00001aa8                __nesf2
                0x00001aa8                __eqsf2
                0x00001aa8                __cmpsf2
                0x00001aa8                __ltsf2
                0x00001aa8                __lesf2
 .text.avr-libc.fplib
                0x00001ab2        0x8 c:/program files (x86)/atmel/studio/7.0/toolchain/avr8/avr8-gnu-toolchain/bin/../lib/gcc/avr/5.4.0/../../../../avr/lib/avr5\libm.a(divsf3.o)
                0x00001ab2                __divsf3
 .text.avr-libc.fplib
                0x00001aba       0xdc c:/program files (x86)/atmel/studio/7.0/toolchain/avr8/avr8-gnu-toolchain/bin/../lib/gcc/avr/5.4.0/../../../../avr/lib/avr5\libm.a(divsf3x.o)
                0x00001ada                __divsf3x
                0x00001ae0                __divsf3_pse
 .text.avr-libc.fplib
                0x00001b96       0x5e c:/program files (x86)/atmel/studio/7.0/toolchain/avr8/avr8-gnu-toolchain/bin/../lib/gcc/avr/5.4.0/../../../../avr/lib/avr5\libm.a(fixunssfsi.o)
                0x00001b96                __fixunssfsi
 .text.avr-libc.fplib
                0x00001bf4       0x7a c:/program files (x86)/atmel/studio/7.0/toolchain/avr8/avr8-gnu-toolchain/bin/../lib/gcc/avr/5.4.0/../../../../avr/lib/avr5\libm.a(floatsisf.o)
                0x00001bf4                __floatunsisf
                0x00001bf8                __floatsisf
 .text.avr-libc.fplib
                0x00001c6e       0x48 c:/program files (x86)/atmel/studio/7.0/toolchain/avr8/avr8-gnu-toolchain/bin/../lib/gcc/avr/5.4.0/../../../../avr/lib/avr5\libm.a(fp_cmp.o)
                0x00001c6e                __fp_cmp
 .text.avr-libc.fplib
                0x00001cb6        0xc c:/program files (x86)/atmel/studio/7.0/toolchain/avr8/avr8-gnu-toolchain/bin/../lib/gcc/avr/5.4.0/../../../../avr/lib/avr5\libm.a(fp_inf.o)
                0x00001cb6                __fp_inf
 .text.avr-libc.fplib
                0x00001cc2        0x6 c:/program files (x86)/atmel/studio/7.0/toolchain/avr8/avr8-gnu-toolchain/bin/../lib/gcc/avr/5.4.0/../../../../avr/lib/avr5\libm.a(fp_nan.o)
                0x00001cc2                __fp_nan
 .text.avr-libc.fplib
                0x00001cc8       0x4e c:/program files (x86)/atmel/studio/7.0/toolchain/avr8/avr8-gnu-toolchain/bin/../lib/gcc/avr/5.4.0/../../../../avr/lib/avr5\libm.a(fp_powser.o)
                0x00001cc8                __fp_powser
 .text.avr-libc.fplib
                0x00001d16        0xe c:/program files (x86)/atmel/studio/7.0/toolchain/avr8/avr8-gnu-toolchain/bin/../lib/gcc/avr/5.4.0/../../../../avr/lib/avr5\libm.a(fp_pscA.o)
                0x00001d16                __fp_pscA
 .text.avr-libc.fplib
                0x00001d24        0xe c:/program files (x86)/atmel/studio/7.0/toolchain/avr8/avr8-gnu-toolchain/bin/../lib/gcc/avr/5.4.0/../../../../avr/lib/avr5\libm.a(fp_pscB.o)
                0x00001d24                __fp_pscB
 .text.avr-libc.fplib
                0x00001d32       0x22 c:/program files (x86)/atmel/studio/7.0/toolchain/avr8/avr8-gnu-toolchain/bin/../lib/gcc/avr/5.4.0/../../../../avr/lib/avr5\libm.a(fp_round.o)
                0x00001d32                __fp_round
 .text.avr-libc.fplib
                0x00001d54       0x44 c:/program files (x86)/atmel/studio/7.0/toolchain/avr8/avr8-gnu-toolchain/bin/../lib/gcc/avr/5.4.0/../../../../avr/lib/avr5\libm.a(fp_split3.o)
                0x00001d54                __fp_split3
                0x00001d64                __fp_splitA
 .text.avr-libc.fplib
                0x00001d98        0xe c:/program files (x86)/atmel/studio/7.0/toolchain/avr8/avr8-gnu-toolchain/bin/../lib/gcc/avr/5.4.0/../../../../avr/lib/avr5\libm.a(fp_zero.o)
                0x00001d98                __fp_zero
                0x00001d9a                __fp_szero
 .text.avr-libc.fplib
                0x00001da6        0xa c:/program files (x86)/atmel/studio/7.0/toolchain/avr8/avr8-gnu-toolchain/bin/../lib/gcc/avr/5.4.0/../../../../avr/lib/avr5\libm.a(gesf2.o)
                0x00001da6                __gesf2
                0x00001da6                __gtsf2
 .text.avr-libc.fplib
                0x00001db0       0x10 c:/program files (x86)/atmel/studio/7.0/toolchain/avr8/avr8-gnu-toolchain/bin/../lib/gcc/avr/5.4.0/../../../../avr/lib/avr5\libm.a(inverse.o)
                0x00001db0                inverse
 .text.avr-libc.fplib
                0x00001dc0        0x8 c:/program files (x86)/atmel/studio/7.0/toolchain/avr8/avr8-gnu-toolchain/bin/../lib/gcc/avr/5.4.0/../../../../avr/lib/avr5\libm.a(mulsf3.o)
                0x00001dc0                __mulsf3
 .text.avr-libc.fplib
                0x00001dc8       0xd2 c:/program files (x86)/atmel/studio/7.0/toolchain/avr8/avr8-gnu-toolchain/bin/../lib/gcc/avr/5.4.0/../../../../avr/lib/avr5\libm.a(mulsf3x.o)
                0x00001de6                __mulsf3x
                0x00001dec                __mulsf3_pse
 .text.avr-libc.fplib
                0x00001e9a       0xa0 c:/program files (x86)/atmel/studio/7.0/toolchain/avr8/avr8-gnu-toolchain/bin/../lib/gcc/avr/5.4.0/../../../../avr/lib/avr5\libm.a(pow.o)
                0x00001e9a                pow
 .text.avr-libc.fplib
                0x00001f3a       0x48 c:/program files (x86)/atmel/studio/7.0/toolchain/avr8/avr8-gnu-toolchain/bin/../lib/gcc/avr/5.4.0/../../../../avr/lib/avr5\libm.a(round.o)
                0x00001f3a                round
 .text.avr-libc.fplib
                0x00001f82       0x74 c:/program files (x86)/atmel/studio/7.0/toolchain/avr8/avr8-gnu-toolchain/bin/../lib/gcc/avr/5.4.0/../../../../avr/lib/avr5\libm.a(exp.o)
                0x00001f92                exp
 .text.avr-libc.fplib
                0x00001ff6       0x36 c:/program files (x86)/atmel/studio/7.0/toolchain/avr8/avr8-gnu-toolchain/bin/../lib/gcc/avr/5.4.0/../../../../avr/lib/avr5\libm.a(fp_mintl.o)
                0x00001ff6                __fp_mintl
 .text.avr-libc.fplib
                0x0000202c       0x1c c:/program files (x86)/atmel/studio/7.0/toolchain/avr8/avr8-gnu-toolchain/bin/../lib/gcc/avr/5.4.0/../../../../avr/lib/avr5\libm.a(fp_mpack.o)
                0x0000202c                __fp_mpack
                0x00002030                __fp_mpack_finite
 .text.avr-libc.fplib
                0x00002048       0x74 c:/program files (x86)/atmel/studio/7.0/toolchain/avr8/avr8-gnu-toolchain/bin/../lib/gcc/avr/5.4.0/../../../../avr/lib/avr5\libm.a(ldexp.o)
                0x00002050                ldexp
 .text.avr-libc.fplib
                0x000020bc       0xa0 c:/program files (x86)/atmel/studio/7.0/toolchain/avr8/avr8-gnu-toolchain/bin/../lib/gcc/avr/5.4.0/../../../../avr/lib/avr5\libm.a(log.o)
                0x000020cc                log
 .text.avr-libc.fplib
                0x0000215c       0x68 c:/program files (x86)/atmel/studio/7.0/toolchain/avr8/avr8-gnu-toolchain/bin/../lib/gcc/avr/5.4.0/../../../../avr/lib/avr5\libm.a(modf.o)
                0x0000215c                modf
                0x0000215c                modff
 .text.libgcc.div
                0x000021c4       0x28 c:/program files (x86)/atmel/studio/7.0/toolchain/avr8/avr8-gnu-toolchain/bin/../lib/gcc/avr/5.4.0/avr5\libgcc.a(_udivmodhi4.o)
                0x000021c4                __udivmodhi4
 .text.libgcc.div
                0x000021ec       0x28 c:/program files (x86)/atmel/studio/7.0/toolchain/avr8/avr8-gnu-toolchain/bin/../lib/gcc/avr/5.4.0/avr5\libgcc.a(_divmodhi4.o)
                0x000021ec                _div
                0x000021ec                __divmodhi4
 .text.libgcc.div
                0x00002214       0x44 c:/program files (x86)/atmel/studio/7.0/toolchain/avr8/avr8-gnu-toolchain/bin/../lib/gcc/avr/5.4.0/avr5\libgcc.a(_udivmodsi4.o)
                0x00002214                __udivmodsi4
 .text.libgcc   0x00002258        0xc c:/program files (x86)/atmel/studio/7.0/toolchain/avr8/avr8-gnu-toolchain/bin/../lib/gcc/avr/5.4.0/avr5\libgcc.a(_tablejump2.o)
                0x00002258                __tablejump2__
 .text.libgcc.mul
                0x00002264       0x1e c:/program files (x86)/atmel/studio/7.0/toolchain/avr8/avr8-gnu-toolchain/bin/../lib/gcc/avr/5.4.0/avr5\libgcc.a(_umulhisi3.o)
                0x00002264                __umulhisi3
 .text.avr-libc
                0x00002282       0x3c c:/program files (x86)/atmel/studio/7.0/toolchain/avr8/avr8-gnu-toolchain/bin/../lib/gcc/avr/5.4.0/../../../../avr/lib/avr5\libc.a(atoi.o)
                0x00002282                atoi
 .text.avr-libc
                0x000022be       0x10 c:/program files (x86)/atmel/studio/7.0/toolchain/avr8/avr8-gnu-toolchain/bin/../lib/gcc/avr/5.4.0/../../../../avr/lib/avr5\libc.a(mul10.o)
                0x000022be                __mulhi_const_10
 .text.avr-libc
                0x000022ce       0x32 c:/program files (x86)/atmel/studio/7.0/toolchain/avr8/avr8-gnu-toolchain/bin/../lib/gcc/avr/5.4.0/../../../../avr/lib/avr5\libc.a(sscanf.o)
                0x000022ce                sscanf
 .text.avr-libc
                0x00002300      0x55a c:/program files (x86)/atmel/studio/7.0/toolchain/avr8/avr8-gnu-toolchain/bin/../lib/gcc/avr/5.4.0/../../../../avr/lib/avr5\libc.a(vfscanf_std.o)
                0x00002638                vfscanf
 .text.avr-libc
                0x0000285a       0x12 c:/program files (x86)/atmel/studio/7.0/toolchain/avr8/avr8-gnu-toolchain/bin/../lib/gcc/avr/5.4.0/../../../../avr/lib/avr5\libc.a(isspace.o)
                0x0000285a                isspace
 .text.avr-libc
                0x0000286c       0x16 c:/program files (x86)/atmel/studio/7.0/toolchain/avr8/avr8-gnu-toolchain/bin/../lib/gcc/avr/5.4.0/../../../../avr/lib/avr5\libc.a(strchr_P.o)
                0x0000286c                strchr_P
 .text.avr-libc
                0x00002882       0x7c c:/program files (x86)/atmel/studio/7.0/toolchain/avr8/avr8-gnu-toolchain/bin/../lib/gcc/avr/5.4.0/../../../../avr/lib/avr5\libc.a(fgetc.o)
                0x00002882                fgetc
 .text.avr-libc
                0x000028fe       0x32 c:/program files (x86)/atmel/studio/7.0/toolchain/avr8/avr8-gnu-toolchain/bin/../lib/gcc/avr/5.4.0/../../../../avr/lib/avr5\libc.a(ungetc.o)
                0x000028fe                ungetc
 .text.avr-libc
                0x00002930        0x6 c:/program files (x86)/atmel/studio/7.0/toolchain/avr8/avr8-gnu-toolchain/bin/../lib/gcc/avr/5.4.0/../../../../avr/lib/avr5\libc.a(cty_isfalse.o)
                0x00002930                __ctype_isfalse
                0x00002934                __ctype_istrue
 .text.avr-libc
                0x00002936        0xc C:/Program Files (x86)/Atmel/Studio/7.0/Packs/atmel/ATmega_DFP/1.2.209/gcc/dev/atmega324pa/avr5\libatmega324pa.a(eerd_word.o)
                0x00002936                eeprom_read_word
 .text.avr-libc
                0x00002942        0xa C:/Program Files (x86)/Atmel/Studio/7.0/Packs/atmel/ATmega_DFP/1.2.209/gcc/dev/atmega324pa/avr5\libatmega324pa.a(eewr_word.o)
                0x00002942                eeprom_write_word
 .text.avr-libc
                0x0000294c       0x20 C:/Program Files (x86)/Atmel/Studio/7.0/Packs/atmel/ATmega_DFP/1.2.209/gcc/dev/atmega324pa/avr5\libatmega324pa.a(eerd_block.o)
                0x0000294c                eeprom_read_block
                0x00002950                eeprom_read_blraw
 .text.avr-libc
                0x0000296c       0x1c C:/Program Files (x86)/Atmel/Studio/7.0/Packs/atmel/ATmega_DFP/1.2.209/gcc/dev/atmega324pa/avr5\libatmega324pa.a(eewr_byte.o)
                0x0000296c                eeprom_write_byte
                0x0000296e                eeprom_write_r18
 .text.libgcc.prologue
                0x00002988       0x38 c:/program files (x86)/atmel/studio/7.0/toolchain/avr8/avr8-gnu-toolchain/bin/../lib/gcc/avr/5.4.0/avr5\libgcc.a(_prologue.o)
                0x00002988                __prologue_saves__
 .text.libgcc.prologue
                0x000029c0       0x36 c:/program files (x86)/atmel/studio/7.0/toolchain/avr8/avr8-gnu-toolchain/bin/../lib/gcc/avr/5.4.0/avr5\libgcc.a(_epilogue.o)
                0x000029c0                __epilogue_restores__
                0x000029f6                . = ALIGN (0x2)
 *(.fini9)
 .fini9         0x000029f6        0x0 c:/program files (x86)/atmel/studio/7.0/toolchain/avr8/avr8-gnu-toolchain/bin/../lib/gcc/avr/5.4.0/avr5\libgcc.a(_exit.o)
                0x000029f6                _exit
                0x000029f6                exit
 *(.fini9)
 *(.fini8)
 *(.fini8)
 *(.fini7)
 *(.fini7)
 *(.fini6)
 *(.fini6)
 *(.fini5)
 *(.fini5)
 *(.fini4)
 *(.fini4)
 *(.fini3)
 *(.fini3)
 *(.fini2)
 *(.fini2)
 *(.fini1)
 *(.fini1)
 *(.fini0)
 .fini0         0x000029f6        0x4 c:/program files (x86)/atmel/studio/7.0/toolchain/avr8/avr8-gnu-toolchain/bin/../lib/gcc/avr/5.4.0/avr5\libgcc.a(_exit.o)
 *(.fini0)
                0x000029fa                _etext = .

.data           0x00800100       0x78 load address 0x000029fa
                0x00800100                PROVIDE (__data_start, .)
 *(.data)
 *(.data*)
 .data.MsgTxt.2258
                0x00800100        0x2 main.o
 .data.ComaPoint.2259
                0x00800102        0x1 main.o
 .data.ByteCount.2256
                0x00800103        0x1 main.o
 .data.Key1_En  0x00800104        0x1 main.o
                0x00800104                Key1_En
 .data.pre      0x00800105        0x4 twim.o
                0x00800105                pre
 .data.twiState
                0x00800109        0x1 twim.o
 *(.gnu.linkonce.d*)
 *(.rodata)
 *(.rodata*)
 .rodata.str1.1
                0x0080010a        0x7 main.o
 .rodata.GSV    0x00800111       0x2a main.o
                0x00800111                GSV
 .rodata.GGA    0x0080013b       0x20 main.o
                0x0080013b                GGA
 .rodata.RMC    0x0080015b       0x1c main.o
                0x0080015b                RMC
 *(.gnu.linkonce.r*)
                0x00800178                . = ALIGN (0x2)
 *fill*         0x00800177        0x1 
                0x00800178                _edata = .
                0x00800178                PROVIDE (__data_end, .)

.bss            0x00800178       0xc5
                0x00800178                PROVIDE (__bss_start, .)
 *(.bss)
 *(.bss*)
 .bss.CharPoint.2260
                0x00800178        0x1 main.o
 .bss.Checksum_en.2261
                0x00800179        0x1 main.o
 .bss.Checksumcalc.2262
                0x0080017a        0x1 main.o
 .bss.MsgType.2257
                0x0080017b        0x4 main.o
 .bss.dc        0x0080017f        0x2 main.o
                0x0080017f                dc
 .bss.Checksum  0x00800181        0x2 main.o
                0x00800181                Checksum
 .bss.Knot      0x00800183        0x8 main.o
                0x00800183                Knot
 .bss.UNUSED    0x0080018b       0x10 main.o
                0x0080018b                UNUSED
 .bss.ViewSat   0x0080019b        0x4 main.o
                0x0080019b                ViewSat
 .bss.AltitudaMSL
                0x0080019f        0xc main.o
                0x0080019f                AltitudaMSL
 .bss.SatCount  0x008001ab        0x4 main.o
                0x008001ab                SatCount
 .bss.Data      0x008001af        0xc main.o
                0x008001af                Data
 .bss.CourseTrue
                0x008001bb        0xa main.o
                0x008001bb                CourseTrue
 .bss.EW        0x008001c5        0x3 main.o
                0x008001c5                EW
 .bss.SLongitude
                0x008001c8        0xc main.o
                0x008001c8                SLongitude
 .bss.NS        0x008001d4        0x3 main.o
                0x008001d4                NS
 .bss.SLatitude
                0x008001d7       0x10 main.o
                0x008001d7                SLatitude
 .bss.Status    0x008001e7        0x2 main.o
                0x008001e7                Status
 .bss.Time      0x008001e9        0xc main.o
                0x008001e9                Time
 .bss.blink     0x008001f5        0x1 main.o
                0x008001f5                blink
 .bss.FirstScan
                0x008001f6        0x1 main.o
                0x008001f6                FirstScan
 .bss.dc_Pulse  0x008001f7        0x2 main.o
                0x008001f7                dc_Pulse
 .bss.UTC_TCorrection
                0x008001f9        0x1 main.o
                0x008001f9                UTC_TCorrection
 .bss.dc_Change
                0x008001fa        0x1 main.o
                0x008001fa                dc_Change
 .bss.Timer1_en
                0x008001fb        0x1 main.o
                0x008001fb                Timer1_en
 .bss.GPS_StatPointTimer
                0x008001fc        0x1 main.o
                0x008001fc                GPS_StatPointTimer
 .bss.GPS_SatCount
                0x008001fd        0x2 main.o
                0x008001fd                GPS_SatCount
 .bss.GPS_Altitude
                0x008001ff        0x2 main.o
                0x008001ff                GPS_Altitude
 .bss.Distance  0x00800201        0x2 main.o
                0x00800201                Distance
 .bss.GPS_Speed
                0x00800203        0x2 main.o
                0x00800203                GPS_Speed
 .bss.GPS_Status
                0x00800205        0x1 main.o
                0x00800205                GPS_Status
 .bss.Key1_store
                0x00800206        0x1 main.o
                0x00800206                Key1_store
 .bss.CurrScreen
                0x00800207        0x1 main.o
                0x00800207                CurrScreen
 .bss.actval    0x00800208        0x4 main.o
                0x00800208                actval
 .bss.buff1     0x0080020c        0x8 main.o
                0x0080020c                buff1
 .bss.ptr.1861  0x00800214        0x1 twim.o
 .bss.twiMsgSize
                0x00800215        0x1 twim.o
 .bss.twiBuf    0x00800216        0x8 twim.o
 *(COMMON)
 COMMON         0x0080021e       0x1f main.o
                0x0080021e                Fr10_Pulse
                0x00800220                RXwaitpause
                0x00800221                GPS_Time
                0x00800223                UTC_Change
                0x00800224                Fr10_Change
                0x00800225                Key1_delay
                0x00800226                fLatitude
                0x0080022a                buff0
                0x0080022b                Meters
                0x0080022f                fPrevLatitude
                0x00800233                Key1button
                0x00800234                fLongitude
                0x00800238                Timer2_count
                0x0080023a                period
                0x0080023c                SetPulseScreen
                0x0080023d                PROVIDE (__bss_end, .)
                0x000029fa                __data_load_start = LOADADDR (.data)
                0x00002a72                __data_load_end = (__data_load_start + SIZEOF (.data))

.noinit         0x0080023d        0x0
                [!provide]                PROVIDE (__noinit_start, .)
 *(.noinit*)
                [!provide]                PROVIDE (__noinit_end, .)
                0x0080023d                _end = .
                [!provide]                PROVIDE (__heap_start, .)

.eeprom         0x00810000        0x4
 *(.eeprom*)
 .eeprom        0x00810000        0x4 main.o
                0x00810000                dc_eeprom
                0x00810002                fr10_eeprom
                0x00810004                __eeprom_end = .

.fuse
 *(.fuse)
 *(.lfuse)
 *(.hfuse)
 *(.efuse)

.lock
 *(.lock*)

.signature
 *(.signature*)

.user_signatures
 *(.user_signatures*)

.stab
 *(.stab)

.stabstr
 *(.stabstr)

.stab.excl
 *(.stab.excl)

.stab.exclstr
 *(.stab.exclstr)

.stab.index
 *(.stab.index)

.stab.indexstr
 *(.stab.indexstr)

.comment        0x00000000       0x5c
 *(.comment)
 .comment       0x00000000       0x30 main.o
                                 0x31 (size before relaxing)
 .comment       0x00000030       0x31 twim.o
 .comment       0x00000030       0x31 c:/program files (x86)/atmel/studio/7.0/toolchain/avr8/avr8-gnu-toolchain/bin/../lib/gcc/avr/5.4.0/../../../../avr/lib/avr5\libc.a(sscanf.o)
 .comment       0x00000030       0x2c c:/program files (x86)/atmel/studio/7.0/toolchain/avr8/avr8-gnu-toolchain/bin/../lib/gcc/avr/5.4.0/../../../../avr/lib/avr5\libc.a(vfscanf_std.o)
                                 0x2d (size before relaxing)
 .comment       0x0000005c       0x31 c:/program files (x86)/atmel/studio/7.0/toolchain/avr8/avr8-gnu-toolchain/bin/../lib/gcc/avr/5.4.0/../../../../avr/lib/avr5\libc.a(fgetc.o)
 .comment       0x0000005c       0x31 c:/program files (x86)/atmel/studio/7.0/toolchain/avr8/avr8-gnu-toolchain/bin/../lib/gcc/avr/5.4.0/../../../../avr/lib/avr5\libc.a(ungetc.o)

.note.gnu.avr.deviceinfo
                0x00000000       0x40
 .note.gnu.avr.deviceinfo
                0x00000000       0x40 C:/Program Files (x86)/Atmel/Studio/7.0/Packs/atmel/ATmega_DFP/1.2.209/gcc/dev/atmega324pa/avr5/crtatmega324pa.o

.note.gnu.build-id
 *(.note.gnu.build-id)

.debug
 *(.debug)

.line
 *(.line)

.debug_srcinfo
 *(.debug_srcinfo)

.debug_sfnames
 *(.debug_sfnames)

.debug_aranges  0x00000000      0x210
 *(.debug_aranges)
 .debug_aranges
                0x00000000      0x150 main.o
 .debug_aranges
                0x00000150       0x40 twim.o
 .debug_aranges
                0x00000190       0x20 C:/Program Files (x86)/Atmel/Studio/7.0/Packs/atmel/ATmega_DFP/1.2.209/gcc/dev/atmega324pa/avr5\libatmega324pa.a(eerd_word.o)
 .debug_aranges
                0x000001b0       0x20 C:/Program Files (x86)/Atmel/Studio/7.0/Packs/atmel/ATmega_DFP/1.2.209/gcc/dev/atmega324pa/avr5\libatmega324pa.a(eewr_word.o)
 .debug_aranges
                0x000001d0       0x20 C:/Program Files (x86)/Atmel/Studio/7.0/Packs/atmel/ATmega_DFP/1.2.209/gcc/dev/atmega324pa/avr5\libatmega324pa.a(eerd_block.o)
 .debug_aranges
                0x000001f0       0x20 C:/Program Files (x86)/Atmel/Studio/7.0/Packs/atmel/ATmega_DFP/1.2.209/gcc/dev/atmega324pa/avr5\libatmega324pa.a(eewr_byte.o)

.debug_pubnames
 *(.debug_pubnames)

.debug_info     0x00000000     0x271c
 *(.debug_info .gnu.linkonce.wi.*)
 .debug_info    0x00000000      0x6cc C:/Program Files (x86)/Atmel/Studio/7.0/Packs/atmel/ATmega_DFP/1.2.209/gcc/dev/atmega324pa/avr5/crtatmega324pa.o
 .debug_info    0x000006cc     0x1b37 main.o
 .debug_info    0x00002203      0x264 twim.o
 .debug_info    0x00002467       0xad C:/Program Files (x86)/Atmel/Studio/7.0/Packs/atmel/ATmega_DFP/1.2.209/gcc/dev/atmega324pa/avr5\libatmega324pa.a(eerd_word.o)
 .debug_info    0x00002514       0xad C:/Program Files (x86)/Atmel/Studio/7.0/Packs/atmel/ATmega_DFP/1.2.209/gcc/dev/atmega324pa/avr5\libatmega324pa.a(eewr_word.o)
 .debug_info    0x000025c1       0xae C:/Program Files (x86)/Atmel/Studio/7.0/Packs/atmel/ATmega_DFP/1.2.209/gcc/dev/atmega324pa/avr5\libatmega324pa.a(eerd_block.o)
 .debug_info    0x0000266f       0xad C:/Program Files (x86)/Atmel/Studio/7.0/Packs/atmel/ATmega_DFP/1.2.209/gcc/dev/atmega324pa/avr5\libatmega324pa.a(eewr_byte.o)

.debug_abbrev   0x00000000      0xbb3
 *(.debug_abbrev)
 .debug_abbrev  0x00000000      0x66e C:/Program Files (x86)/Atmel/Studio/7.0/Packs/atmel/ATmega_DFP/1.2.209/gcc/dev/atmega324pa/avr5/crtatmega324pa.o
 .debug_abbrev  0x0000066e      0x3bd main.o
 .debug_abbrev  0x00000a2b      0x138 twim.o
 .debug_abbrev  0x00000b63       0x14 C:/Program Files (x86)/Atmel/Studio/7.0/Packs/atmel/ATmega_DFP/1.2.209/gcc/dev/atmega324pa/avr5\libatmega324pa.a(eerd_word.o)
 .debug_abbrev  0x00000b77       0x14 C:/Program Files (x86)/Atmel/Studio/7.0/Packs/atmel/ATmega_DFP/1.2.209/gcc/dev/atmega324pa/avr5\libatmega324pa.a(eewr_word.o)
 .debug_abbrev  0x00000b8b       0x14 C:/Program Files (x86)/Atmel/Studio/7.0/Packs/atmel/ATmega_DFP/1.2.209/gcc/dev/atmega324pa/avr5\libatmega324pa.a(eerd_block.o)
 .debug_abbrev  0x00000b9f       0x14 C:/Program Files (x86)/Atmel/Studio/7.0/Packs/atmel/ATmega_DFP/1.2.209/gcc/dev/atmega324pa/avr5\libatmega324pa.a(eewr_byte.o)

.debug_line     0x00000000     0x1838
 *(.debug_line .debug_line.* .debug_line_end)
 .debug_line    0x00000000      0x151 C:/Program Files (x86)/Atmel/Studio/7.0/Packs/atmel/ATmega_DFP/1.2.209/gcc/dev/atmega324pa/avr5/crtatmega324pa.o
 .debug_line    0x00000151     0x1246 main.o
 .debug_line    0x00001397      0x296 twim.o
 .debug_line    0x0000162d       0x67 C:/Program Files (x86)/Atmel/Studio/7.0/Packs/atmel/ATmega_DFP/1.2.209/gcc/dev/atmega324pa/avr5\libatmega324pa.a(eerd_word.o)
 .debug_line    0x00001694       0x5b C:/Program Files (x86)/Atmel/Studio/7.0/Packs/atmel/ATmega_DFP/1.2.209/gcc/dev/atmega324pa/avr5\libatmega324pa.a(eewr_word.o)
 .debug_line    0x000016ef       0xab C:/Program Files (x86)/Atmel/Studio/7.0/Packs/atmel/ATmega_DFP/1.2.209/gcc/dev/atmega324pa/avr5\libatmega324pa.a(eerd_block.o)
 .debug_line    0x0000179a       0x9e C:/Program Files (x86)/Atmel/Studio/7.0/Packs/atmel/ATmega_DFP/1.2.209/gcc/dev/atmega324pa/avr5\libatmega324pa.a(eewr_byte.o)

.debug_frame    0x00000000      0x514
 *(.debug_frame)
 .debug_frame   0x00000000      0x48c main.o
 .debug_frame   0x0000048c       0x88 twim.o

.debug_str      0x00000000      0x94a
 *(.debug_str)
 .debug_str     0x00000000      0x255 C:/Program Files (x86)/Atmel/Studio/7.0/Packs/atmel/ATmega_DFP/1.2.209/gcc/dev/atmega324pa/avr5/crtatmega324pa.o
 .debug_str     0x00000255      0x677 main.o
                                0x6d5 (size before relaxing)
 .debug_str     0x000008cc       0x7e twim.o
                                0x1e8 (size before relaxing)

.debug_loc      0x00000000     0x1a41
 *(.debug_loc)
 .debug_loc     0x00000000     0x1848 main.o
 .debug_loc     0x00001848      0x1f9 twim.o

.debug_macinfo
 *(.debug_macinfo)

.debug_weaknames
 *(.debug_weaknames)

.debug_funcnames
 *(.debug_funcnames)

.debug_typenames
 *(.debug_typenames)

.debug_varnames
 *(.debug_varnames)

.debug_pubtypes
 *(.debug_pubtypes)

.debug_ranges   0x00000000      0x1b8
 *(.debug_ranges)
 .debug_ranges  0x00000000      0x188 main.o
 .debug_ranges  0x00000188       0x30 twim.o

.debug_macro
 *(.debug_macro)
OUTPUT(altimeter2_2.elf elf32-avr)
LOAD linker stubs
